================================================================================
ADAD BASELINE EVIDENCE  (task t_bf7d4ee4)
log:            /root/ADAD/.audit-evidence/baseline/05-scripts-lint-sh.log
started:        2026-09-07T18:33:45Z
command_line:   /bin/sh scripts/lint.sh
working_dir:    /root/ADAD
shell:          bash (orchestrator) -> /bin/sh for scripts / real cargo for cargo cmds
resolved_bin:   /bin/sh
env:            RUSTUP_HOME=/root/.rustup CARGO_HOME=/root/.cargo
env:            PATH=/root/.cargo/bin:[HOME]/admin/.npm-global/bin:[HOME]/linuxbrew/.linuxbrew/bin:[HOME]/linuxbrew/.linuxbrew/sbin:[HOME]/hermes-env/bin:/usr/bin:/usr/local/sbin:/usr/local/bin:/usr/sbin:/usr/bin:/sbin:/bin:/snap/bin
host:           Linux 6.8.0-106-generic x86_64  UTC
repo_head:      03e865bd634af30b39226578dd6257cb5a47ec59
git_status:     0 modified tracked paths (0 expected; evidence dir is untracked by design)
loop_devices:   /dev/loop-control /dev/loop0 /dev/loop1 /dev/loop10 /dev/loop11 /dev/loop12 /dev/loop13 /dev/loop14 /dev/loop15 /dev/loop16 /dev/loop17 /dev/loop18 /dev/loop19 /dev/loop2 /dev/loop20 /dev/loop3 /dev/loop4 /dev/loop5 /dev/loop6 /dev/loop7 /dev/loop8 /dev/loop9 
cap_sys_admin:  cap_sys_admin
================================================================================
    Checking adad-core v0.1.0 (/root/ADAD/crates/adad-core)
    Checking itoa v1.0.18
    Checking cfg-if v1.0.4
    Checking foldhash v0.2.0
    Checking equivalent v1.0.2
    Checking allocator-api2 v0.2.21
    Checking thiserror v2.0.18
    Checking either v1.16.0
    Checking castaway v0.2.4
    Checking ryu v1.0.23
    Checking unicode-segmentation v1.13.3
    Checking bitflags v2.13.0
    Checking unicode-width v0.2.2
    Checking itertools v0.14.0
    Checking hashbrown v0.17.1
    Checking hashbrown v0.16.1
    Checking static_assertions v1.1.0
    Checking strum v0.28.0
    Checking compact_str v0.9.1
    Checking line-clipping v0.3.7
    Checking memchr v2.8.2
    Checking serde_core v1.0.228
    Checking zmij v1.0.21
    Checking lru v0.18.0
    Checking kasuari v0.4.12
    Checking pin-project-lite v0.2.17
    Checking bytes v1.12.0
    Checking futures-core v0.3.32
    Checking futures-sink v0.3.32
    Checking libc v0.2.186
    Checking once_cell v1.21.4
    Checking zeroize v1.9.0
    Checking futures-channel v0.3.32
    Checking rustls-pki-types v1.15.1
    Checking futures-io v0.3.32
    Checking untrusted v0.9.0
    Checking slab v0.4.12
    Checking unicode-truncate v2.0.1
    Checking futures-task v0.3.32
    Checking ratatui-core v0.1.2
    Checking num-traits v0.2.19
    Checking futures-util v0.3.32
    Checking log v0.4.33
    Checking getrandom v0.2.17
    Checking ref-cast v1.0.25
   Compiling serde_json v1.0.150
    Checking ring v0.17.14
    Checking tokio v1.52.3
    Checking serde v1.0.228
    Checking ratatui-widgets v0.3.2
    Checking chrono v0.4.45
    Checking rustls-webpki v0.103.15
    Checking ratatui v0.30.2
    Checking httparse v1.10.1
    Checking http v1.5.0
    Checking tracing-core v0.1.36
    Checking subtle v2.6.1
    Checking dyn-clone v1.0.20
    Checking futures-executor v0.3.32
    Checking base64 v0.23.1
    Checking rustls v0.23.43
    Checking futures v0.3.32
    Checking tracing v0.1.44
    Checking schemars v1.2.1
   Compiling rmcp-macros v2.1.0
    Checking ureq-proto v0.6.1
    Checking webpki-roots v1.0.9
    Checking base64 v0.22.1
    Checking utf8-zero v0.8.1
    Checking percent-encoding v2.3.2
    Checking leakguard v0.1.0 (/root/ADAD/crates/leakguard)
    Checking forge v0.1.0 (/root/ADAD/crates/forge)
    Checking tokio-util v0.7.18
    Checking xmr-wallet v0.1.0 (/root/ADAD/crates/xmr-wallet)
error: manually filling a slice
   --> crates/forge/src/vault.rs:358:9
    |
358 | /         for byte in &mut self.0 {
359 | |             *byte = 0;
360 | |         }
    | |_________^ help: try: `&mut self.0.fill(0);`
    |
    = help: for further information visit https://rust-lang.github.io/rust-clippy/rust-1.98.0/index.html#manual_slice_fill
    = note: `-D clippy::manual-slice-fill` implied by `-D warnings`
    = help: to override `-D warnings` add `#[allow(clippy::manual_slice_fill)]`

    Checking vps-deploy v0.1.0 (/root/ADAD/crates/vps-deploy)
error: could not compile `forge` (lib) due to 1 previous error
warning: build failed, waiting for other jobs to finish...
================================================================================
exit_code:      101
finished:       2026-09-07T18:33:56Z
================================================================================
