================================================================================
ADAD FINAL EVIDENCE  (task t_bd3bc731 — fix + rerun)
log:            /root/ADAD/.audit-evidence/final/01-cargo-build-locked.log
started:        2026-09-07T18:47:55Z
command_line:   /root/.cargo/bin/cargo build --locked
working_dir:    /root/ADAD
shell:          bash (real cargo via /root/.cargo/bin; scripts via /bin/sh)
env:            RUSTUP_HOME=/root/.rustup CARGO_HOME=/root/.cargo
host:           Linux 6.8.0-106-generic x86_64  GNU/Linux  UTC
repo_head:      03e865bd634af30b39226578dd6257cb5a47ec59
git_status:     2 modified tracked paths
loop_devices:   /dev/loop-control /dev/loop0 /dev/loop1 /dev/loop10 /dev/loop11 /dev/loop12 /dev/loop13 /dev/loop14 /dev/loop15 /dev/loop16 /dev/loop17 /dev/loop18 /dev/loop19 /dev/loop2 /dev/loop20 /dev/loop3 /dev/loop4 /dev/loop5 /dev/loop6 /dev/loop7 /dev/loop8 /dev/loop9 
cap_eff:        000001ffffffffff
================================================================================ 
   Compiling forge v0.1.0 (/root/ADAD/crates/forge)
    Finished `dev` profile [unoptimized + debuginfo] target(s) in 18.15s
================================================================================ 
exit_code:      0
finished:       2026-09-07T18:48:14Z
wall_seconds:   19
================================================================================ 
