================================================================================
ADAD FINAL EVIDENCE  (task t_bd3bc731 — fix + rerun)
log:            /root/ADAD/.audit-evidence/final/04-scripts-build-sh.log
started:        2026-09-07T18:51:03Z
command_line:   /bin/sh scripts/build.sh
working_dir:    /root/ADAD
shell:          bash (real cargo via /root/.cargo/bin; scripts via /bin/sh)
env:            RUSTUP_HOME=/root/.rustup CARGO_HOME=/root/.cargo
host:           Linux 6.8.0-106-generic x86_64  GNU/Linux  UTC
repo_head:      03e865bd634af30b39226578dd6257cb5a47ec59
git_status:     2 modified tracked paths
loop_devices:   /dev/loop-control /dev/loop0 /dev/loop1 /dev/loop10 /dev/loop11 /dev/loop12 /dev/loop13 /dev/loop14 /dev/loop15 /dev/loop16 /dev/loop17 /dev/loop18 /dev/loop19 /dev/loop2 /dev/loop20 /dev/loop3 /dev/loop4 /dev/loop5 /dev/loop6 /dev/loop7 /dev/loop8 /dev/loop9 
cap_eff:        000001ffffffffff
================================================================================ 
   Compiling darling_core v0.23.0
   Compiling thiserror-impl v2.0.18
   Compiling strum_macros v0.28.0
   Compiling serde_derive v1.0.228
   Compiling serde_json v1.0.150
   Compiling num-traits v0.2.19
   Compiling zmij v1.0.21
   Compiling libc v0.2.186
   Compiling ring v0.17.14
warning: ring@0.17.14: Compiler family detection failed due to error: ToolNotFound: failed to find tool "x86_64-linux-musl-gcc": No such file or directory (os error 2)
warning: ring@0.17.14: Compiler family detection failed due to error: ToolNotFound: failed to find tool "x86_64-linux-musl-gcc": No such file or directory (os error 2)
error: failed to run custom build command for `ring v0.17.14`

Caused by:
  process didn't exit successfully: `/root/ADAD/target/release/build/ring-b2f2d9627cd2f594/build-script-build` (exit status: 1)
  --- stdout
  cargo:rerun-if-env-changed=CARGO_MANIFEST_DIR
  cargo:rerun-if-env-changed=CARGO_PKG_NAME
  cargo:rerun-if-env-changed=CARGO_PKG_VERSION_MAJOR
  cargo:rerun-if-env-changed=CARGO_PKG_VERSION_MINOR
  cargo:rerun-if-env-changed=CARGO_PKG_VERSION_PATCH
  cargo:rerun-if-env-changed=CARGO_PKG_VERSION_PRE
  cargo:rerun-if-env-changed=CARGO_MANIFEST_LINKS
  cargo:rerun-if-env-changed=RING_PREGENERATE_ASM
  cargo:rerun-if-env-changed=OUT_DIR
  cargo:rerun-if-env-changed=CARGO_CFG_TARGET_ARCH
  cargo:rerun-if-env-changed=CARGO_CFG_TARGET_OS
  cargo:rerun-if-env-changed=CARGO_CFG_TARGET_ENV
  cargo:rerun-if-env-changed=CARGO_CFG_TARGET_ENDIAN
  cargo:rerun-if-env-changed=CC_x86_64-unknown-linux-musl
  CC_x86_64-unknown-linux-musl = None
  cargo:rerun-if-env-changed=CC_x86_64_unknown_linux_musl
  CC_x86_64_unknown_linux_musl = None
  cargo:rerun-if-env-changed=TARGET_CC
  TARGET_CC = None
  cargo:rerun-if-env-changed=CC
  CC = None
  cargo:rerun-if-env-changed=CROSS_COMPILE
  CROSS_COMPILE = None
  PATH = Some(/root/.cargo/bin:[HOME]/admin/.npm-global/bin:[HOME]/linuxbrew/.linuxbrew/bin:[HOME]/linuxbrew/.linuxbrew/sbin:[HOME]/hermes-env/bin:/usr/bin:/usr/local/sbin:/usr/local/bin:/usr/sbin:/sbin:/bin:/opt/homebrew/bin:/opt/homebrew/sbin:/snap/bin)
  cargo:rerun-if-env-changed=CC_ENABLE_DEBUG_OUTPUT
  cargo:warning=Compiler family detection failed due to error: ToolNotFound: failed to find tool "x86_64-linux-musl-gcc": No such file or directory (os error 2)
  cargo:rerun-if-env-changed=CRATE_CC_NO_DEFAULTS
  CRATE_CC_NO_DEFAULTS = None
  cargo:rerun-if-env-changed=CFLAGS
  CFLAGS = None
  cargo:rerun-if-env-changed=TARGET_CFLAGS
  TARGET_CFLAGS = None
  cargo:rerun-if-env-changed=CFLAGS_x86_64_unknown_linux_musl
  CFLAGS_x86_64_unknown_linux_musl = None
  cargo:rerun-if-env-changed=CFLAGS_x86_64-unknown-linux-musl
  CFLAGS_x86_64-unknown-linux-musl = None
  cargo:warning=Compiler family detection failed due to error: ToolNotFound: failed to find tool "x86_64-linux-musl-gcc": No such file or directory (os error 2)

  --- stderr


  error occurred in cc-rs: failed to find tool "x86_64-linux-musl-gcc": No such file or directory (os error 2)


warning: build failed, waiting for other jobs to finish...
================================================================================ 
exit_code:      101
finished:       2026-09-07T18:52:09Z
wall_seconds:   66
================================================================================ 
